// Jest Snapshot v1, https://goo.gl/fbAQLP

exports[`Pruebas en <GifItem /> 1.- Debe hacer match con el snapshot 1`] = `
<div>
  <div
    class="card"
  >
    <img
      alt="Dragon Ball GIF by Toei Animation"
      src="https://media1.giphy.com/media/GRSnxyhJnPsaQy9YLn/giphy.gif?cid=836777ffnqkzd1rx88yrp4exgkp0bhwq5atnuhclxuxfff0k&amp;rid=giphy.gif&amp;ct=g"
    />
    <p>
      Dragon Ball GIF by Toei Animation
    </p>
  </div>
</div>
`;
